[    0.000000] Initializing cgroup subsys cpuset
[    0.000000] Initializing cgroup subsys cpu
[    0.000000] Initializing cgroup subsys cpuacct
[    0.000000] Linux version 4.4.0-210-generic (buildd@lgw01-amd64-009) (gcc version 5.4.0 20160609 (Ubuntu 5.4.0-6ubuntu1~16.04.12) ) #242-Ubuntu SMP Fri Apr 16 09:57:56 UTC 2021 (Ubuntu 4.4.0-210.242-generic 4.4.262)
[    0.000000] Command line: BOOT_IMAGE=/boot/vmlinuz-4.4.0-210-generic root=LABEL=cloudimg-rootfs ro console=tty1 console=ttyS0
[    0.000000] KERNEL supported cpus:
[    0.000000]   Intel GenuineIntel
[    0.000000]   AMD AuthenticAMD
[    0.000000]   Centaur CentaurHauls
[    0.000000] x86/fpu: xstate_offset[2]:  576, xstate_sizes[2]:  256
[    0.000000] x86/fpu: Supporting XSAVE feature 0x01: 'x87 floating point registers'
[    0.000000] x86/fpu: Supporting XSAVE feature 0x02: 'SSE registers'
[    0.000000] x86/fpu: Supporting XSAVE feature 0x04: 'AVX registers'
[    0.000000] x86/fpu: Enabled xstate features 0x7, context size is 832 bytes, using 'standard' format.
[    0.000000] e820: BIOS-provided physical RAM map:
[    0.000000] BIOS-e820: [mem 0x0000000000000000-0x000000000009fbff] usable
[    0.000000] BIOS-e820: [mem 0x000000000009fc00-0x000000000009ffff] reserved
[    0.000000] BIOS-e820: [mem 0x00000000000f0000-0x00000000000fffff] reserved
[    0.000000] BIOS-e820: [mem 0x0000000000100000-0x000000003ffeffff] usable
[    0.000000] BIOS-e820: [mem 0x000000003fff0000-0x000000003fffffff] ACPI data
[    0.000000] BIOS-e820: [mem 0x00000000fec00000-0x00000000fec00fff] reserved
[    0.000000] BIOS-e820: [mem 0x00000000fee00000-0x00000000fee00fff] reserved
[    0.000000] BIOS-e820: [mem 0x00000000fffc0000-0x00000000ffffffff] reserved
[    0.000000] NX (Execute Disable) protection: active
[    0.000000] SMBIOS 2.5 present.
[    0.000000] Hypervisor detected: KVM
[    0.000000] e820: last_pfn = 0x3fff0 max_arch_pfn = 0x400000000
[    0.000000] MTRR: Disabled
[    0.000000] x86/PAT: MTRRs disabled, skipping PAT initialization too.
[    0.000000] CPU MTRRs all blank - virtualized system.
[    0.000000] x86/PAT: Configuration [0-7]: WB  WT  UC- UC  WB  WT  UC- UC  
[    0.000000] found SMP MP-table at [mem 0x0009fff0-0x0009ffff] mapped at [ffff88000009fff0]
[    0.000000] Scanning 1 areas for low memory corruption
[    0.000000] RAMDISK: [mem 0x362dc000-0x37165fff]
[    0.000000] ACPI: Early table checksum verification disabled
[    0.000000] ACPI: RSDP 0x00000000000E0000 000024 (v02 VBOX  )
[    0.000000] ACPI: XSDT 0x000000003FFF0030 00003C (v01 VBOX   VBOXXSDT 00000001 ASL  00000061)
[    0.000000] ACPI: FACP 0x000000003FFF00F0 0000F4 (v04 VBOX   VBOXFACP 00000001 ASL  00000061)
[    0.000000] ACPI: DSDT 0x000000003FFF0610 002353 (v02 VBOX   VBOXBIOS 00000002 INTL 20210930)
[    0.000000] ACPI: FACS 0x000000003FFF0200 000040
[    0.000000] ACPI: FACS 0x000000003FFF0200 000040
[    0.000000] ACPI: APIC 0x000000003FFF0240 00005C (v02 VBOX   VBOXAPIC 00000001 ASL  00000061)
[    0.000000] ACPI: SSDT 0x000000003FFF02A0 00036C (v01 VBOX   VBOXCPUT 00000002 INTL 20210930)
[    0.000000] No NUMA configuration found
[    0.000000] Faking a node at [mem 0x0000000000000000-0x000000003ffeffff]
[    0.000000] NODE_DATA(0) allocated [mem 0x3ffeb000-0x3ffeffff]
[    0.000000] kvm-clock: Using msrs 4b564d01 and 4b564d00
[    0.000000] kvm-clock: cpu 0, msr 0:3ffe3001, primary cpu clock
[    0.000000] kvm-clock: using sched offset of 3345785172 cycles
[    0.000000] clocksource: kvm-clock: mask: 0xffffffffffffffff max_cycles: 0x1cd42e4dffb, max_idle_ns: 881590591483 ns
[    0.000000] Zone ranges:
[    0.000000]   DMA      [mem 0x0000000000001000-0x0000000000ffffff]
[    0.000000]   DMA32    [mem 0x0000000001000000-0x000000003ffeffff]
[    0.000000]   Normal   empty
[    0.000000]   Device   empty
[    0.000000] Movable zone start for each node
[    0.000000] Early memory node ranges
[    0.000000]   node   0: [mem 0x0000000000001000-0x000000000009efff]
[    0.000000]   node   0: [mem 0x0000000000100000-0x000000003ffeffff]
[    0.000000] Initmem setup node 0 [mem 0x0000000000001000-0x000000003ffeffff]
[    0.000000] ACPI: PM-Timer IO Port: 0x4008
[    0.000000] IOAPIC[0]: apic_id 2, version 32, address 0xfec00000, GSI 0-23
[    0.000000] ACPI: INT_SRC_OVR (bus 0 bus_irq 0 global_irq 2 dfl dfl)
[    0.000000] ACPI: INT_SRC_OVR (bus 0 bus_irq 9 global_irq 9 low level)
[    0.000000] Using ACPI (MADT) for SMP configuration information
[    0.000000] smpboot: Allowing 2 CPUs, 0 hotplug CPUs
[    0.000000] PM: Registered nosave memory: [mem 0x00000000-0x00000fff]
[    0.000000] PM: Registered nosave memory: [mem 0x0009f000-0x0009ffff]
[    0.000000] PM: Registered nosave memory: [mem 0x000a0000-0x000effff]
[    0.000000] PM: Registered nosave memory: [mem 0x000f0000-0x000fffff]
[    0.000000] e820: [mem 0x40000000-0xfebfffff] available for PCI devices
[    0.000000] Booting paravirtualized kernel on KVM
[    0.000000] clocksource: refined-jiffies: mask: 0xffffffff max_cycles: 0xffffffff, max_idle_ns: 7645519600211568 ns
[    0.000000] setup_percpu: NR_CPUS:512 nr_cpumask_bits:512 nr_cpu_ids:2 nr_node_ids:1
[    0.000000] PERCPU: Embedded 33 pages/cpu @ffff88003fc00000 s95192 r8192 d31784 u1048576
[    0.000000] Built 1 zonelists in Node order, mobility grouping on.  Total pages: 257912
[    0.000000] Policy zone: DMA32
[    0.000000] Kernel command line: BOOT_IMAGE=/boot/vmlinuz-4.4.0-210-generic root=LABEL=cloudimg-rootfs ro console=tty1 console=ttyS0
[    0.000000] PID hash table entries: 4096 (order: 3, 32768 bytes)
[    0.000000] Memory: 997792K/1048120K available (8644K kernel code, 1332K rwdata, 4044K rodata, 1492K init, 1164K bss, 50328K reserved, 0K cma-reserved)
[    0.000000] SLUB: HWalign=64, Order=0-3, MinObjects=0, CPUs=2, Nodes=1
[    0.000000] Kernel/User page tables isolation: enabled
[    0.000000] Hierarchical RCU implementation.
[    0.000000] 	Build-time adjustment of leaf fanout to 64.
[    0.000000] 	RCU restricting CPUs from NR_CPUS=512 to nr_cpu_ids=2.
[    0.000000] RCU: Adjusting geometry for rcu_fanout_leaf=64, nr_cpu_ids=2
[    0.000000] NR_IRQS:33024 nr_irqs:440 16
[    0.000000] Console: colour VGA+ 80x25
[    0.000000] console [tty1] enabled
[    0.000000] console [ttyS0] enabled
[    0.000000] tsc: Detected 2308.346 MHz processor
[    0.437777] Calibrating delay loop (skipped) preset value.. 4616.69 BogoMIPS (lpj=9233384)
[    0.443563] pid_max: default: 32768 minimum: 301
[    0.446343] ACPI: Core revision 20150930
[    0.450405] ACPI: 2 ACPI AML tables successfully acquired and loaded
[    0.454477] Security Framework initialized
[    0.457163] Yama: becoming mindful.
[    0.460033] AppArmor: AppArmor initialized
[    0.462570] Dentry cache hash table entries: 131072 (order: 8, 1048576 bytes)
[    0.468529] Inode-cache hash table entries: 65536 (order: 7, 524288 bytes)
[    0.473027] Mount-cache hash table entries: 2048 (order: 2, 16384 bytes)
[    0.477101] Mountpoint-cache hash table entries: 2048 (order: 2, 16384 bytes)
[    0.481810] Initializing cgroup subsys io
[    0.484377] Initializing cgroup subsys memory
[    0.487563] Initializing cgroup subsys devices
[    0.490428] Initializing cgroup subsys freezer
[    0.493213] Initializing cgroup subsys net_cls
[    0.496735] Initializing cgroup subsys perf_event
[    0.500405] Initializing cgroup subsys net_prio
[    0.503555] Initializing cgroup subsys hugetlb
[    0.506455] Initializing cgroup subsys pids
[    0.510925] mce: CPU supports 0 MCE banks
[    0.513400] Last level iTLB entries: 4KB 64, 2MB 8, 4MB 8
[    0.517735] Last level dTLB entries: 4KB 64, 2MB 0, 4MB 0, 1GB 4
[    0.522359] Spectre V1 : Mitigation: usercopy/swapgs barriers and __user pointer sanitization
[    0.527502] Spectre V2 : Mitigation: Full generic retpoline
[    0.531211] Spectre V2 : Spectre v2 / SpectreRSB mitigation: Filling RSB on context switch
[    0.536980] Speculative Store Bypass: Vulnerable
[    0.539904] SRBDS: Unknown: Dependent on hypervisor status
[    0.543842] MDS: Mitigation: Clear CPU buffers
[    0.578152] Freeing SMP alternatives memory: 36K
[    0.646554] ftrace: allocating 32380 entries in 127 pages
[    1.106494] smpboot: APIC(0) Converting physical 0 to logical package 0
[    1.110672] smpboot: Max logical packages: 1
[    1.115271] x2apic enabled
[    1.119314] Switched APIC routing to physical x2apic.
[    1.129429] ..TIMER: vector=0x30 apic1=0 pin1=2 apic2=-1 pin2=-1
[    1.241557] APIC calibration not consistent with PM-Timer: 101ms instead of 100ms
[    1.247847] APIC delta adjusted to PM-Timer: 6299167 (6365916)
[    1.251365] smpboot: CPU0: Intel(R) Core(TM) i9-9880H CPU @ 2.30GHz (family: 0x6, model: 0x9e, stepping: 0xd)
[    1.258363] Performance Events: unsupported p6 CPU model 158 no PMU driver, software events only.
[    1.333774] KVM setup paravirtual spinlock
[    1.337271] x86: Booting SMP configuration:
[    1.339773] .... node  #0, CPUs:      #1
[    1.343174] kvm-clock: cpu 1, msr 0:3ffe3041, secondary cpu clock
[    1.348045] mce: CPU supports 0 MCE banks
[    1.351689] x86: Booted up 1 node, 2 CPUs
[    1.355025] smpboot: Total of 2 processors activated (9233.38 BogoMIPS)
[    1.360699] devtmpfs: initialized
[    1.365269] evm: security.selinux
[    1.367517] evm: security.SMACK64
[    1.369718] evm: security.SMACK64EXEC
[    1.372167] evm: security.SMACK64TRANSMUTE
[    1.378540] evm: security.SMACK64MMAP
[    1.380794] evm: security.ima
[    1.383239] evm: security.capability
[    1.386657] clocksource: jiffies: mask: 0xffffffff max_cycles: 0xffffffff, max_idle_ns: 7645041785100000 ns
[    1.394017] futex hash table entries: 512 (order: 3, 32768 bytes)
[    1.401065] pinctrl core: initialized pinctrl subsystem
[    1.407912] RTC time: 17:08:10, date: 03/22/24
[    1.417434] NET: Registered protocol family 16
[    1.439573] cpuidle: using governor ladder
[    1.460277] cpuidle: using governor menu
[    1.469383] PCCT header not found.
[    1.472474] ACPI: bus type PCI registered
[    1.481049] acpiphp: ACPI Hot Plug PCI Controller Driver version: 0.5
[    1.491342] PCI: Using configuration type 1 for base access
[    1.510653] ACPI: Added _OSI(Module Device)
[    1.514383] ACPI: Added _OSI(Processor Device)
[    1.517857] ACPI: Added _OSI(3.0 _SCP Extensions)
[    1.521486] ACPI: Added _OSI(Processor Aggregator Device)
[    1.527151] ACPI: Executed 1 blocks of module-level executable AML code
[    1.535155] ACPI: Interpreter enabled
[    1.537472] ACPI: (supports S0 S5)
[    1.539638] ACPI: Using IOAPIC for interrupt routing
[    1.542943] PCI: Using host bridge windows from ACPI; if necessary, use "pci=nocrs" and report a bug
[    1.556168] ACPI: PCI Root Bridge [PCI0] (domain 0000 [bus 00-ff])
[    1.560152] acpi PNP0A03:00: _OSC: OS supports [ASPM ClockPM Segments MSI]
[    1.565212] acpi PNP0A03:00: _OSC: not requesting OS control; OS requires [ExtendedConfig ASPM ClockPM MSI]
[    1.570847] acpi PNP0A03:00: fail to add MMCONFIG information, can't access extended PCI configuration space under this bridge.
[    1.578631] PCI host bridge to bus 0000:00
[    1.581425] pci_bus 0000:00: root bus resource [io  0x0000-0x0cf7 window]
[    1.585566] pci_bus 0000:00: root bus resource [io  0x0d00-0xffff window]
[    1.589501] pci_bus 0000:00: root bus resource [mem 0x000a0000-0x000bffff window]
[    1.594402] pci_bus 0000:00: root bus resource [mem 0x40000000-0xfdffffff window]
[    1.599129] pci_bus 0000:00: root bus resource [bus 00-ff]
[    1.619335] pci 0000:00:01.1: legacy IDE quirk: reg 0x10: [io  0x01f0-0x01f7]
[    1.626271] pci 0000:00:01.1: legacy IDE quirk: reg 0x14: [io  0x03f6]
[    1.632025] pci 0000:00:01.1: legacy IDE quirk: reg 0x18: [io  0x0170-0x0177]
[    1.636442] pci 0000:00:01.1: legacy IDE quirk: reg 0x1c: [io  0x0376]
[    1.751762] pci 0000:00:07.0: quirk: [io  0x4000-0x403f] claimed by PIIX4 ACPI
[    1.759295] pci 0000:00:07.0: quirk: [io  0x4100-0x410f] claimed by PIIX4 SMB
[    1.790727] ACPI: PCI Interrupt Link [LNKA] (IRQs 5 9 10 *11)
[    1.798136] ACPI: PCI Interrupt Link [LNKB] (IRQs 5 9 *10 11)
[    1.803825] ACPI: PCI Interrupt Link [LNKC] (IRQs 5 *9 10 11)
[    1.809595] ACPI: PCI Interrupt Link [LNKD] (IRQs 5 9 10 *11)
[    1.815345] ACPI: Enabled 2 GPEs in block 00 to 07
[    1.819184] vgaarb: setting as boot device: PCI:0000:00:02.0
[    1.822719] vgaarb: device added: PCI:0000:00:02.0,decodes=io+mem,owns=io+mem,locks=none
[    1.827721] vgaarb: loaded
[    1.830222] vgaarb: bridge control possible 0000:00:02.0
[    1.834041] SCSI subsystem initialized
[    1.836505] ACPI: bus type USB registered
[    1.838965] usbcore: registered new interface driver usbfs
[    1.842207] usbcore: registered new interface driver hub
[    1.846604] usbcore: registered new device driver usb
[    1.850759] PCI: Using ACPI for IRQ routing
[    1.854051] NetLabel: Initializing
[    1.856276] NetLabel:  domain hash size = 128
[    1.859720] NetLabel:  protocols = UNLABELED CIPSOv4
[    1.863645] NetLabel:  unlabeled traffic allowed by default
[    1.867250] amd_nb: Cannot enumerate AMD northbridges
[    1.870457] clocksource: Switched to clocksource kvm-clock
[    1.884090] AppArmor: AppArmor Filesystem Enabled
[    1.887152] pnp: PnP ACPI init
[    1.891391] pnp: PnP ACPI: found 3 devices
[    1.911249] clocksource: acpi_pm: mask: 0xffffff max_cycles: 0xffffff, max_idle_ns: 2085701024 ns
[    1.917032] NET: Registered protocol family 2
[    1.920178] TCP established hash table entries: 8192 (order: 4, 65536 bytes)
[    1.925782] TCP bind hash table entries: 8192 (order: 5, 131072 bytes)
[    1.932490] TCP: Hash tables configured (established 8192 bind 8192)
[    1.936767] UDP hash table entries: 512 (order: 2, 16384 bytes)
[    1.940470] UDP-Lite hash table entries: 512 (order: 2, 16384 bytes)
[    1.945823] NET: Registered protocol family 1
[    1.948772] pci 0000:00:00.0: Limiting direct PCI/PCI transfers
[    1.952829] pci 0000:00:01.0: Activating ISA DMA hang workarounds
[    1.957455] Unpacking initramfs...
[    2.199206] Freeing initrd memory: 14888K
[    2.203779] clocksource: tsc: mask: 0xffffffffffffffff max_cycles: 0x2146015f4df, max_idle_ns: 440795261061 ns
[    2.213184] platform rtc_cmos: registered platform RTC device (no PNP device found)
[    2.219010] Scanning for low memory corruption every 60 seconds
[    2.223628] audit: initializing netlink subsys (disabled)
[    2.227401] audit: type=2000 audit(1711127295.937:1): initialized
[    2.232063] Initialise system trusted keyring
[    2.235579] HugeTLB registered 2 MB page size, pre-allocated 0 pages
[    2.241011] zbud: loaded
[    2.244216] VFS: Disk quotas dquot_6.6.0
[    2.247558] VFS: Dquot-cache hash table entries: 512 (order 0, 4096 bytes)
[    2.252337] squashfs: version 4.0 (2009/01/31) Phillip Lougher
[    2.257090] fuse init (API version 7.23)
[    2.260340] Key type big_key registered
[    2.263759] Allocating IMA MOK and blacklist keyrings.
[    2.269835] Key type asymmetric registered
[    2.272534] Asymmetric key parser 'x509' registered
[    2.275836] Block layer SCSI generic (bsg) driver version 0.4 loaded (major 249)
[    2.281632] io scheduler noop registered
[    2.284614] io scheduler deadline registered (default)
[    2.287978] io scheduler cfq registered
[    2.290751] pci_hotplug: PCI Hot Plug PCI Core version: 0.5
[    2.294452] pciehp: PCI Express Hot Plug Controller Driver version: 0.4
[    2.300235] ACPI: AC Adapter [AC] (off-line)
[    2.303201] input: Power Button as /devices/LNXSYSTM:00/LNXPWRBN:00/input/input0
[    2.308277] ACPI: Power Button [PWRF]
[    2.311308] input: Sleep Button as /devices/LNXSYSTM:00/LNXSLPBN:00/input/input1
[    2.317013] ACPI: Sleep Button [SLPF]
[    2.321314] GHES: HEST is not enabled!
[    2.323038] ACPI: Battery Slot [BAT0] (battery present)
[    2.329448] Serial: 8250/16550 driver, 32 ports, IRQ sharing enabled
[    2.359896] 00:02: ttyS0 at I/O 0x3f8 (irq = 4, base_baud = 115200) is a 16550A
[    2.366486] Linux agpgart interface v0.103
[    2.372979] loop: module loaded
[    2.376793] scsi host0: ata_piix
[    2.380844] scsi host1: ata_piix
[    2.383196] ata1: PATA max UDMA/33 cmd 0x1f0 ctl 0x3f6 bmdma 0xd000 irq 14
[    2.387445] ata2: PATA max UDMA/33 cmd 0x170 ctl 0x376 bmdma 0xd008 irq 15
[    2.392845] libphy: Fixed MDIO Bus: probed
[    2.397345] tun: Universal TUN/TAP device driver, 1.6
[    2.400650] tun: (C) 1999-2004 Max Krasnyansky <maxk@qualcomm.com>
[    2.404510] PPP generic driver version 2.4.2
[    2.407973] ehci_hcd: USB 2.0 'Enhanced' Host Controller (EHCI) Driver
[    2.414094] ehci-pci: EHCI PCI platform driver
[    2.417151] ehci-platform: EHCI generic platform driver
[    2.420887] ohci_hcd: USB 1.1 'Open' Host Controller (OHCI) Driver
[    2.424880] ohci-pci: OHCI PCI platform driver
[    2.428318] ohci-platform: OHCI generic platform driver
[    2.432883] uhci_hcd: USB Universal Host Controller Interface driver
[    2.436942] i8042: PNP: PS/2 Controller [PNP0303:PS2K,PNP0f03:PS2M] at 0x60,0x64 irq 1,12
[    2.445820] serio: i8042 KBD port at 0x60,0x64 irq 1
[    2.449507] serio: i8042 AUX port at 0x60,0x64 irq 12
[    2.453830] mousedev: PS/2 mouse device common for all mice
[    2.460441] input: AT Translated Set 2 keyboard as /devices/platform/i8042/serio0/input/input2
[    2.467222] rtc_cmos rtc_cmos: rtc core: registered rtc_cmos as rtc0
[    2.471736] rtc_cmos rtc_cmos: alarms up to one day, 114 bytes nvram
[    2.475661] i2c /dev entries driver
[    2.479310] device-mapper: uevent: version 1.0.3
[    2.482800] device-mapper: ioctl: 4.34.0-ioctl (2015-10-28) initialised: dm-devel@redhat.com
[    2.488339] ledtrig-cpu: registered to indicate activity on CPUs
[    2.493853] NET: Registered protocol family 10
[    2.498555] NET: Registered protocol family 17
[    2.501446] Key type dns_resolver registered
[    2.505745] registered taskstats version 1
[    2.508844] Loading compiled-in X.509 certificates
[    2.513240] Loaded X.509 cert 'Build time autogenerated kernel key: cf00e047681d67edb2720680708b7d9498083038'
[    2.519217] zswap: loaded using pool lzo/zbud
[    2.525868] Key type trusted registered
[    2.534308] Key type encrypted registered
[    2.537114] AppArmor: AppArmor sha1 policy hashing enabled
[    2.541009] ima: No TPM chip found, activating TPM-bypass!
[    2.545092] ima: Allocated hash algorithm: sha1
[    2.549179] evm: HMAC attrs: 0x1
[    2.574842]   Magic number: 0:503:138
[    2.598521] rtc_cmos rtc_cmos: setting system clock to 2024-03-22 17:08:11 UTC (1711127291)
[    2.604251] BIOS EDD facility v0.16 2004-Jun-25, 0 devices found
[    2.608873] EDD information not available.
[    2.614369] Freeing unused kernel memory: 1492K
[    2.626524] Write protecting the kernel read-only data: 14336k
[    2.631577] Freeing unused kernel memory: 1584K
[    2.634790] Freeing unused kernel memory: 52K
Loading, please wait...
starting version 229
[    2.655498] random: systemd-udevd: uninitialized urandom read (16 bytes read, 5 bits of entropy available)
[    2.656901] random: udevadm: uninitialized urandom read (16 bytes read, 5 bits of entropy available)
[    2.656928] random: udevadm: uninitialized urandom read (16 bytes read, 5 bits of entropy available)
[    2.669292] random: udevadm: uninitialized urandom read (16 bytes read, 5 bits of entropy available)
[    2.669347] random: udevadm: uninitialized urandom read (16 bytes read, 5 bits of entropy available)
[    2.669525] random: udevadm: uninitialized urandom read (16 bytes read, 5 bits of entropy available)
[    2.669607] random: udevadm: uninitialized urandom read (16 bytes read, 5 bits of entropy available)
[    2.669678] random: udevadm: uninitialized urandom read (16 bytes read, 5 bits of entropy available)
[    2.669746] random: udevadm: uninitialized urandom read (16 bytes read, 5 bits of entropy available)
[    2.669823] random: udevadm: uninitialized urandom read (16 bytes read, 5 bits of entropy available)
[    2.760674] Fusion MPT base driver 3.04.20
[    2.764627] Copyright (c) 1999-2008 LSI Corporation
[    2.771118] e1000: Intel(R) PRO/1000 Network Driver - version 7.3.21-k8-NAPI
[    2.777587] e1000: Copyright (c) 1999-2006 Intel Corporation.
[    2.821785] AVX2 version of gcm_enc/dec engaged.
[    2.825134] AES CTR mode by8 optimization enabled
[    2.834131] Fusion MPT SPI Host driver 3.04.20
[    3.057382] input: ImExPS/2 Generic Explorer Mouse as /devices/platform/i8042/serio1/input/input4
[    3.326591] e1000 0000:00:03.0 eth0: (PCI:33MHz:32-bit) 02:be:82:6b:cc:1d
[    3.330712] e1000 0000:00:03.0 eth0: Intel(R) PRO/1000 Network Connection
[    3.833829] e1000 0000:00:08.0 eth1: (PCI:33MHz:32-bit) 08:00:27:68:3c:ec
[    3.837935] e1000 0000:00:08.0 eth1: Intel(R) PRO/1000 Network Connection
[    3.845611] e1000 0000:00:03.0 enp0s3: renamed from eth0
[    3.849816] mptbase: ioc0: Initiating bringup
[    3.859691] e1000 0000:00:08.0 enp0s8: renamed from eth1
[    3.925025] ioc0: LSI53C1030 A0: Capabilities={Initiator}
[    4.100745] scsi host2: ioc0: LSI53C1030 A0, FwRev=00000000h, Ports=1, MaxQ=256, IRQ=20
[    4.215931] scsi 2:0:0:0: Direct-Access     VBOX     HARDDISK         1.0  PQ: 0 ANSI: 5
[    4.221189] scsi target2:0:0: Beginning Domain Validation
[    4.228986] scsi target2:0:0: Domain Validation skipping write tests
[    4.232910] scsi target2:0:0: Ending Domain Validation
[    4.248839] scsi target2:0:0: asynchronous
[    4.253852] scsi 2:0:1:0: Direct-Access     VBOX     HARDDISK         1.0  PQ: 0 ANSI: 5
[    4.259806] scsi target2:0:1: Beginning Domain Validation
[    4.267198] scsi target2:0:1: Domain Validation skipping write tests
[    4.271690] scsi target2:0:1: Ending Domain Validation
[    4.276244] scsi target2:0:1: asynchronous
[    4.293464] sd 2:0:0:0: Attached scsi generic sg0 type 0
[    4.293465] sd 2:0:0:0: [sda] 83886080 512-byte logical blocks: (42.9 GB/40.0 GiB)
[    4.293841] sd 2:0:0:0: [sda] Write Protect is off
[    4.294127] sd 2:0:0:0: [sda] Incomplete mode parameter data
[    4.294128] sd 2:0:0:0: [sda] Assuming drive cache: write through
[    4.296189]  sda: sda1
[    4.297354] sd 2:0:0:0: [sda] Attached SCSI disk
[    4.322789] sd 2:0:1:0: [sdb] 20480 512-byte logical blocks: (10.5 MB/10.0 MiB)
[    4.328162] sd 2:0:1:0: Attached scsi generic sg1 type 0
[    4.332815] sd 2:0:1:0: [sdb] Write Protect is off
[    4.336366] sd 2:0:1:0: [sdb] Incomplete mode parameter data
[    4.339831] sd 2:0:1:0: [sdb] Assuming drive cache: write through
[    4.349801] sd 2:0:1:0: [sdb] Attached SCSI disk
Begin: Loading essential drivers ... [    5.942282] md: linear personality registered for level -1
[    5.949255] md: multipath personality registered for level -4
[    5.956430] md: raid0 personality registered for level 0
[    5.967195] md: raid1 personality registered for level 1
[    6.043541] raid6: sse2x1   gen() 10737 MB/s
[    6.114729] raid6: sse2x1   xor()  6850 MB/s
[    6.182695] raid6: sse2x2   gen() 13595 MB/s
[    6.254741] raid6: sse2x2   xor()  9241 MB/s
[    6.322938] raid6: sse2x4   gen() 15288 MB/s
[    6.390933] raid6: sse2x4   xor()  8409 MB/s
[    6.463289] raid6: avx2x1   gen() 15292 MB/s
[    6.530537] raid6: avx2x2   gen() 26015 MB/s
[    6.598499] raid6: avx2x4   gen() 27505 MB/s
[    6.602087] raid6: using algorithm avx2x4 gen() 27505 MB/s
[    6.606344] raid6: using avx2x2 recovery algorithm
[    6.610796] xor: automatically using best checksumming function:
[    6.651182]    avx       : 27016.000 MB/sec
[    6.657800] async_tx: api initialized (async)
[    6.685585] md: raid6 personality registered for level 6
[    6.689914] md: raid5 personality registered for level 5
[    6.693224] md: raid4 personality registered for level 4
[    6.709747] md: raid10 personality registered for level 10
done.
Begin: Running /scripts/init-premount ... done.
Begin: Mounting root file system ... Begin: Running /scripts/local-top ... done.
Begin: Running /scripts/local-premount ... [    6.779345] Btrfs loaded
Scanning for Btrfs filesystems
done.
Warning: fsck not present, so skipping root file system
[    6.818988] EXT4-fs (sda1): INFO: recovery required on readonly filesystem
[    6.824010] EXT4-fs (sda1): write access will be enabled during recovery
[    6.981505] EXT4-fs (sda1): recovery complete
[    6.984706] EXT4-fs (sda1): mounted filesystem with ordered data mode. Opts: (null)
done.
Begin: Running /scripts/local-bottom ... done.
Begin: Running /scripts/init-bottom ... done.
[    7.109307] systemd[1]: systemd 229 running in system mode. (+PAM +AUDIT +SELINUX +IMA +APPARMOR +SMACK +SYSVINIT +UTMP +LIBCRYPTSETUP +GCRYPT +GNUTLS +ACL +XZ -LZ4 +SECCOMP +BLKID +ELFUTILS +KMOD -IDN)
[    7.122635] systemd[1]: Detected virtualization oracle.
[    7.125792] systemd[1]: Detected architecture x86-64.

Welcome to [1mUbuntu 16.04.7 LTS[0m!

[    7.134016] systemd[1]: Set hostname to <ubuntu-xenial>.
[    7.306191] systemd[1]: Listening on Journal Socket.
[[0;32m  OK  [0m] Listening on Journal Socket.
[    7.313112] systemd[1]: Listening on Journal Audit Socket.
[[0;32m  OK  [0m] Listening on Journal Audit Socket.
[    7.323288] systemd[1]: Set up automount Arbitrary Executable File Formats File System Automount Point.
[[0;32m  OK  [0m] Set up automount Arbitrary Executab...ats File System Automount Point.
[    7.334504] systemd[1]: Listening on Device-mapper event daemon FIFOs.
[[0;32m  OK  [0m] Listening on Device-mapper event daemon FIFOs.
[    7.344101] systemd[1]: Reached target System Time Synchronized.
[[0;32m  OK  [0m] Reached target System Time Synchronized.
[    7.354071] systemd[1]: Reached target Encrypted Volumes.
[[0;32m  OK  [0m] Reached target Encrypted Volumes.
[    7.361419] systemd[1]: Reached target User and Group Name Lookups.
[[0;32m  OK  [0m] Reached target User and Group Name Lookups.
[    7.370810] systemd[1]: Listening on udev Control Socket.
[[0;32m  OK  [0m] Listening on udev Control Socket.
[    7.378367] systemd[1]: Created slice User and Session Slice.
[[0;32m  OK  [0m] Created slice User and Session Slice.
[    7.388268] systemd[1]: Reached target Swap.
[[0;32m  OK  [0m] Reached target Swap.
[    7.394411] systemd[1]: Listening on Syslog Socket.
[[0;32m  OK  [0m] Listening on Syslog Socket.
[    7.402254] systemd[1]: Listening on udev Kernel Socket.
[[0;32m  OK  [0m] Listening on udev Kernel Socket.
[    7.410465] systemd[1]: Started Trigger resolvconf update for networkd DNS.
[[0;32m  OK  [0m] Started Trigger resolvconf update for networkd DNS.
[    7.419520] systemd[1]: Listening on Journal Socket (/dev/log).
[[0;32m  OK  [0m] Listening on Journal Socket (/dev/log).
[    7.428370] systemd[1]: Listening on LVM2 poll daemon socket.
[[0;32m  OK  [0m] Listening on LVM2 poll daemon socket.
[    7.436225] systemd[1]: Started Forward Password Requests to Wall Directory Watch.
[[0;32m  OK  [0m] Started Forward Password Requests to Wall Directory Watch.
[    7.445212] systemd[1]: Listening on LVM2 metadata daemon socket.
[[0;32m  OK  [0m] Listening on LVM2 metadata daemon socket.
[    7.455186] systemd[1]: Listening on /dev/initctl Compatibility Named Pipe.
[[0;32m  OK  [0m[    7.461578] random: nonblocking pool is initialized
] Listening on /dev/initctl Compatibility Named Pipe.
[    7.467155] systemd[1]: Listening on fsck to fsckd communication Socket.
[[0;32m  OK  [0m] Listening on fsck to fsckd communication Socket.
[    7.476112] systemd[1]: Created slice System Slice.
[[0;32m  OK  [0m] Created slice System Slice.
[    7.492560] systemd[1]: Starting File System Check on Root Device...
         Starting File System Check on Root Device...
[    7.502620] systemd[1]: Starting Create list of required static device nodes for the current kernel...
         Starting Create list of required st... nodes for the current kernel...
[    7.516291] systemd[1]: Mounting Huge Pages File System...
         Mounting Huge Pages File System...
[    7.525526] systemd[1]: Starting Set console keymap...
         Starting Set console keymap...
[    7.534638] systemd[1]: Starting Monitoring of LVM2 mirrors, snapshots etc. using dmeventd or progress polling...
         Starting Monitoring of LVM2 mirrors... dmeventd or progress polling...
[    7.549597] systemd[1]: Starting Journal Service...
         Starting Journal Service...
[    7.560874] systemd[1]: Starting Load Kernel Modules...
         Starting Load Kernel Modules...
[    7.569282] systemd[1]: Starting Nameserver information manager...
         Starting Nameserver information manager...
[    7.579190] systemd[1]: Mounting POSIX Message Queue File System...
         Mounting POSIX Message Queue File System...
[    7.591856] Loading iSCSI transport class v2.0-870.
[    7.599201] systemd[1]: Mounting Debug File System...
         Mounting Debug File System...
[    7.607683] systemd[1]: Created slice system-serial\x2dgetty.slice.
[[0;32m  OK  [0m] Created slice system-serial\x2dgetty.slice.
[    7.616072] systemd[1]: Reached target Slices.
[[0;32m  OK  [0m] Reached target Slices.
[    7.623671] systemd[1]: Starting Uncomplicated firewall...
[    7.624352] iscsi: registered transport (tcp)
         Starting Uncomplicated firewall...
[    7.637258] systemd[1]: Mounted Huge Pages File System.
[[0;32m  OK  [0m] Mounted Huge Pages File System.
[    7.644657] systemd[1]: Mounted POSIX Message Queue File System.
[[0;32m  OK  [0m] Mounted POSIX Message Queue File System.
[    7.657603] systemd[1]: Mounted Debug File System.
[[0;32m  OK  [0m] Mounted Debug File System.
[    7.667497] systemd[1]: Started Journal Service.
[[0;32m  OK  [0m] Started Journal Service.
[[0;32m  OK  [0m] Started File System Check on Root Device.
[[0;32m  OK  [0m] Started Create list of required sta...ce nodes for the current kernel.
[[0;32m  OK  [0m] Started Set console keymap.
[    7.710329] iscsi: registered transport (iser)
[[0;32m  OK  [0m] Started Load Kernel Modules.
[[0;32m  OK  [0m] Started Uncomplicated firewall.
[[0;32m  OK  [0m] Started Nameserver information manager.
[[0;32m  OK  [0m] Started LVM2 metadata daemon.
[[0;32m  OK  [0m] Started File System Check Daemon to report status.
         Starting Apply Kernel Variables...
         Mounting FUSE Control File System...
         Starting Create Static Device Nodes in /dev...
         Starting Remount Root and Kernel File Systems...
[[0;32m  OK  [0m] Mounted FUSE Control File System.
[[0;32m  OK  [0m] Started Apply Kernel Variables.
[[0;32m  OK  [0m] Started Remount Root and Kernel File Systems.
[[0;32m  OK  [0m] Started Create Static Device Nodes in /dev.
         Starting udev Kernel Device Manager...
         Starting Flush Journal to Persistent Storage...
         Starting udev Coldplug all Devices...
         Starting Load/Save Random Seed...
[[0;32m  OK  [0m] Started Load/Save Random Seed.
[[0;32m  OK  [0m] Started Flush Journal to Persistent Storage.
[[0;32m  OK  [0m] Started Monitoring of LVM2 mirrors,...ng dmeventd or progress polling.
[[0;32m  OK  [0m] Reached target Local File Systems (Pre).
[[0;32m  OK  [0m] Reached target Local File Systems.
         Starting LSB: AppArmor initialization...
         Starting Initial cloud-init job (pre-networking)...
         Starting Set console font and keymap...
         Starting Tell Plymouth To Write Out Runtime Data...
         Starting Create Volatile Files and Directories...
[[0;32m  OK  [0m] Started udev Kernel Device Manager.
[[0;32m  OK  [0m] Started Tell Plymouth To Write Out Runtime Data.
[[0;32m  OK  [0m] Started Create Volatile Files and Directories.
         Starting Update UTMP about System Boot/Shutdown...
[[0;32m  OK  [0m] Started Update UTMP about System Boot/Shutdown.
[[0;32m  OK  [0m] Started udev Coldplug all Devices.
[[0;32m  OK  [0m] Started Dispatch Password Requests to Console Directory Watch.
[[0;32m  OK  [0m] Started LSB: AppArmor initialization.
         Starting Load AppArmor profiles managed internally by snapd...
[[0;32m  OK  [0m] Started Load AppArmor profiles managed internally by snapd.
[[0;32m  OK  [0m] Found device /dev/ttyS0.
[[0;32m  OK  [0m] Listening on Load/Save RF Kill Switch Status /dev/rfkill Watch.
[[0;32m  OK  [0m] Found device 82540EM Gigabit Ethern...r (PRO/1000 MT Desktop Adapter).
[    8.104619] cloud-init[469]: Cloud-init v. 21.1-19-gbad84ad4-0ubuntu1~16.04.2 running 'init-local' at Fri, 22 Mar 2024 17:08:17 +0000. Up 7.78 seconds.
[[0;32m  OK  [0m] Found device 82540EM Gigabit Ethern...r (PRO/1000 MT Desktop Adapter).
[[0;32m  OK  [0m] Started Initial cloud-init job (pre-networking).
[[0;32m  OK  [0m] Reached target Network (Pre).
         Starting Raise network interfaces...
[[0;32m  OK  [0m] Started ifup for enp0s3.
[[0;32m  OK  [0m] Started ifup for enp0s8.
[[0;32m  OK  [0m] Started Set console font and keymap.
[[0;32m  OK  [0m] Created slice system-getty.slice.
[[0;32m  OK  [0m] Started Raise network interfaces.
         Starting Initial cloud-init job (metadata service crawler)...
[[0;32m  OK  [0m] Reached target Network.
[    9.493439] cloud-init[1069]: Cloud-init v. 21.1-19-gbad84ad4-0ubuntu1~16.04.2 running 'init' at Fri, 22 Mar 2024 17:08:19 +0000. Up 9.28 seconds.
[    9.497857] cloud-init[1069]: ci-info: ++++++++++++++++++++++++++++++++++++++Net device info+++++++++++++++++++++++++++++++++++++++
[    9.502246] cloud-init[1069]: ci-info: +--------+------+-----------------------------+---------------+--------+-------------------+
[    9.506272] cloud-init[1069]: ci-info: | Device |  Up  |           Address           |      Mask     | Scope  |     Hw-Address    |
[    9.510091] cloud-init[1069]: ci-info: +--------+------+-----------------------------+---------------+--------+-------------------+
[    9.513915] cloud-init[1069]: ci-info: | enp0s3 | True |          10.0.2.15          | 255.255.255.0 | global | 02:be:82:6b:cc:1d |
[    9.518553] cloud-init[1069]: ci-info: | enp0s3 | True |  fe80::be:82ff:fe6b:cc1d/64 |       .       |  link  | 02:be:82:6b:cc:1d |
[    9.522831] cloud-init[1069]: ci-info: | enp0s8 | True |        192.168.33.10        | 255.255.255.0 | global | 08:00:27:68:3c:ec |
[    9.526694] cloud-init[1069]: ci-info: | enp0s8 | True | fe80::a00:27ff:fe68:3cec/64 |       .       |  link  | 08:00:27:68:3c:ec |
[    9.530465] cloud-init[1069]: ci-info: |   lo   | True |          127.0.0.1          |   255.0.0.0   |  host  |         .         |
[    9.535218] cloud-init[1069]: ci-info: |   lo   | True |           ::1/128           |       .       |  host  |         .         |
[    9.539673] cloud-init[1069]: ci-info: +--------+------+-----------------------------+---------------+--------+-------------------+
[    9.544055] cloud-init[1069]: ci-info: ++++++++++++++++++++++++++++Route IPv4 info++++++++++++++++++++++++++++
[    9.547506] cloud-init[1069]: ci-info: +-------+--------------+----------+---------------+-----------+-------+
[    9.551016] cloud-init[1069]: ci-info: | Route | Destination  | Gateway  |    Genmask    | Interface | Flags |
[    9.554549] cloud-init[1069]: ci-info: +-------+--------------+----------+---------------+-----------+-------+
[    9.559154] cloud-init[1069]: ci-info: |   0   |   0.0.0.0    | 10.0.2.2 |    0.0.0.0    |   enp0s3  |   UG  |
[    9.562725] cloud-init[1069]: ci-info: |   1   |   10.0.2.0   | 0.0.0.0  | 255.255.255.0 |   enp0s3  |   U   |
[    9.566201] cloud-init[1069]: ci-info: |   2   | 192.168.33.0 | 0.0.0.0  | 255.255.255.0 |   enp0s8  |   U   |
[    9.570165] cloud-init[1069]: ci-info: +-------+--------------+----------+---------------+-----------+-------+
[    9.574076] cloud-init[1069]: ci-info: +++++++++++++++++++Route IPv6 info+++++++++++++++++++
[    9.577295] cloud-init[1069]: ci-info: +-------+-------------+---------+-----------+-------+
[    9.580571] cloud-init[1069]: ci-info: | Route | Destination | Gateway | Interface | Flags |
[    9.583761] cloud-init[1069]: ci-info: +-------+-------------+---------+-----------+-------+
[    9.587034] cloud-init[1069]: ci-info: |   0   |  fe80::/64  |    ::   |   enp0s8  |   U   |
[    9.590638] cloud-init[1069]: ci-info: |   1   |  fe80::/64  |    ::   |   enp0s3  |   U   |
[    9.594209] cloud-init[1069]: ci-info: |   4   |   ff00::/8  |    ::   |   enp0s8  |   U   |
[    9.597407] cloud-init[1069]: ci-info: |   5   |   ff00::/8  |    ::   |   enp0s3  |   U   |
[    9.600834] cloud-init[1069]: ci-info: +-------+-------------+---------+-----------+-------+
[[0;32m  OK  [0m] Started Initial cloud-init job (metadata service crawler).
[[0;32m  OK  [0m] Reached target Network is Online.
         Starting iSCSI initiator daemon (iscsid)...
[[0;32m  OK  [0m] Reached target Cloud-config availability.
[[0;32m  OK  [0m] Reached target System Initialization.
[[0;32m  OK  [0m] Listening on ACPID Listen Socket.
         Starting Socket activation for snappy daemon.
[[0;32m  OK  [0m] Started ACPI Events Check.
[[0;32m  OK  [0m] Reached target Paths.
[[0;32m  OK  [0m] Started Daily apt download activities.
[[0;32m  OK  [0m] Started Daily apt upgrade and clean activities.
[[0;32m  OK  [0m] Listening on UUID daemon activation socket.
[[0;32m  OK  [0m] Listening on D-Bus System Message Bus Socket.
[[0;32m  OK  [0m] Started Daily Cleanup of Temporary Directories.
[[0;32m  OK  [0m] Started Message of the Day.
         Starting LXD - unix socket.
[[0;32m  OK  [0m] Started Ubuntu Advantage update messaging.
[[0;32m  OK  [0m] Reached target Timers.
[[0;32m  OK  [0m] Listening on Socket activation for snappy daemon.
[[0;32m  OK  [0m] Listening on LXD - unix socket.
[[0;32m  OK  [0m] Started iSCSI initiator daemon (iscsid).
         Starting Login to default iSCSI targets...
[[0;32m  OK  [0m] Reached target Sockets.
[[0;32m  OK  [0m] Reached target Basic System.
         Starting LSB: MD monitoring daemon...
[[0;32m  OK  [0m] Started FUSE filesystem for LXC.
         Starting Ubuntu Advantage APT and MOTD Messages...
         Starting Login Service...
         Starting Virtualbox guest utils...
[[0;32m  OK  [0m] Started D-Bus System Message Bus.
         Starting Message of the Day...
         Starting LSB: Record successful boot for GRUB...
[[0;32m  OK  [0m] Started Regular background program processing daemon.
         Starting Accounts Service...
[[0;32m  OK  [0m] Started ACPI event daemon.
         Starting OpenBSD Secure Shell server...
         Starting /etc/rc.local Compatibility...
         Starting vsftpd FTP server...
[[0;32m  OK  [0m] Started Deferred execution scheduler.
         Starting System Logging Service...
         Starting LXD - container startup/shutdown...
         Starting Snap Daemon...
[[0;32m  OK  [0m] Started Message of the Day.
[[0;32m  OK  [0m] Started /etc/rc.local Compatibility.
[[0;32m  OK  [0m] Started vsftpd FTP server.
[[0;32m  OK  [0m] Started System Logging Service.
[[0;32m  OK  [0m] Started LSB: Record successful boot for GRUB.
[[0;32m  OK  [0m] Started Login Service.
[[0;32m  OK  [0m] Started Unattended Upgrades Shutdown.
[[0;32m  OK  [0m] Started Login to default iSCSI targets.
[[0;32m  OK  [0m] Reached target Remote File Systems (Pre).
         Mounting /data...
         Mounting /vagrant...
[[0;32m  OK  [0m] Started OpenBSD Secure Shell server.
[[0;32m  OK  [0m] Started LSB: MD monitoring daemon.
         Starting Authenticate and Authorize Users to Run Privileged Tasks...
[[0;32m  OK  [0m] Mounted /data.
[[0;32m  OK  [0m] Mounted /vagrant.
[[0;32m  OK  [0m] Reached target Remote File Systems.
         Starting LSB: automatic crash report generation...
         Starting Permit User Sessions...
         Starting LSB: Set the CPU Frequency Scaling governor to "ondemand"...
         Starting LSB: daemon to balance interrupts for SMP systems...
[[0;32m  OK  [0m] Started Virtualbox guest utils.
[[0;32m  OK  [0m] Started Permit User Sessions.
         Starting Hold until boot process finishes up...
         Starting Terminate Plymouth Boot Screen...
[[0;32m  OK  [0m] Started Hold until boot process finishes up.
[[0;32m  OK  [0m] Started Getty on tty1.
         Starting Set console scheme...
[[0;32m  OK  [0m] Started Serial Getty on ttyS0.
[[0;32m  OK  [0m] Reached target Login Prompts.
[[0;32m  OK  [0m] Started Terminate Plymouth Boot Screen.
[[0;32m  OK  [0m] Started LSB: automatic crash report generation.
[[0;32m  OK  [0m] Started Set console scheme.
[[0;32m  OK  [0m] Started Authenticate and Authorize Users to Run Privileged Tasks.
[[0;32m  OK  [0m] Started Accounts Service.
[[0;32m  OK  [0m] Started LSB: Set the CPU Frequency Scaling governor to "ondemand".
[[0;32m  OK  [0m] Started LSB: daemon to balance interrupts for SMP systems.
[[0;32m  OK  [0m] Started LXD - container startup/shutdown.
[[0;32m  OK  [0m] Started Snap Daemon.
         Starting Wait until snapd is fully seeded...
[[0;32m  OK  [0m] Started Wait until snapd is fully seeded.
         Starting Apply the settings specified in cloud-config...
[[0;32m  OK  [0m] Reached target Multi-User System.
[[0;32m  OK  [0m] Reached target Graphical Interface.
         Starting Update UTMP about System Runlevel Changes...
[[0;32m  OK  [0m] Started Update UTMP about System Runlevel Changes.
[[0;32m  OK  [0m] Started Ubuntu Advantage APT and MOTD Messages.
[   10.846269] cloud-init[1347]: Cloud-init v. 21.1-19-gbad84ad4-0ubuntu1~16.04.2 running 'modules:config' at Fri, 22 Mar 2024 17:08:20 +0000. Up 10.76 seconds.
[[0;32m  OK  [0m] Started Apply the settings specified in cloud-config.
         Starting Execute cloud user/final scripts...
[   11.208628] cloud-init[1360]: Cloud-init v. 21.1-19-gbad84ad4-0ubuntu1~16.04.2 running 'modules:final' at Fri, 22 Mar 2024 17:08:21 +0000. Up 11.12 seconds.
[   11.214225] cloud-init[1360]: Cloud-init v. 21.1-19-gbad84ad4-0ubuntu1~16.04.2 finished at Fri, 22 Mar 2024 17:08:21 +0000. Datasource DataSourceNoCloud [seed=/dev/sdb][dsmode=net].  Up 11.20 seconds
[[0;32m  OK  [0m] Started Execute cloud user/final scripts.
[[0;32m  OK  [0m] Reached target Cloud-init target.

Ubuntu 16.04.7 LTS ubuntu-xenial ttyS0

ubuntu-xenial login: 